### QA checklist (GENERATED by qa-checklist.py — do not retype; regenerate instead)

One checkbox per open obligation, from the machine ledgers. Ticking a box asserts the *named person* did the *named thing*. This list belongs inside `migration-log/migration-report.md` (section *Sign-off*): the detail behind every item id, the glossary for every code, term, gate owner and source shape, and the *How to re-run* commands all live there (and in the skill's `references/codes.md`). Pages named bare live in `input/pagecontent/`; names ending in `-intro` live in `input/intro-notes/`. 93 finding(s) verdicted IDENTISCH owe nobody anything and are not listed.

#### Gate A — identity (module maintainer, with TF-KDS)

- [ ] **F1-b5b102** (F1 - module identity unchanged): the SOURCE wins (spec 2.2); restore it or record the divergence as a Gate-A decision -- never normalise silently — *fix it, or accept it with a named reason in the report*
- [ ] **F2-a51d44** (F2 - dependency pins identical to the source's): carry the dependency over — *fix it, or accept it with a named reason in the report*
- [ ] **F2 ×4** (F2 - dependency pins identical to the source's): confirm at Gate A that this is template machinery (hl7.fhir.uv.crmi is) and not an accidental addition — *do the named action so the check can run - this is not a pass*  <sub>ids: F2-fd0e73, F2-047205, F2-e78ce4, F2-8f9355</sub>
- [ ] **identity `version`** claims 3 different values: `2026.0.1` (sushi-config.yaml) vs `2027.0.0` (ImplementationGuide-2027.x.x-DE+EN/guide.yaml (2027 Ballot guide metadata)) vs `2026.0.2` (package/package.json) — *choose one and record why*

#### Gate B — narrative (the module's clinical and technical authors)

- [ ] **C4 ×3** (C4 - the source's narrative text present somewhere): conservation of a generated view is not a text question; confirm the artefact page replaces it (R1) — *do the named action so the check can run - this is not a pass*  <sub>ids: C4-7b2767, C4-fc1144, C4-d47516</sub>
- [ ] **C4 ×16** (C4 - the source's narrative text present somewhere): map the missing text to a target page section, or record the loss in the report's content map — *fix it, or accept it with a named reason in the report*  <sub>ids: C4-811435, C4-196ae3, C4-b96f0f, C4-6a7c10, C4-0d5125, C4-49d110, C4-f261ca, C4-b4c8d4, C4-b4415b, C4-e9c444, C4-fe91db, C4-03ec0a, C4-8f44e7, C4-f03204, C4-33f027, C4-ef59ff</sub>
- [ ] **C6 ×7** (C6 - text landed on the page the map promised): a split is legitimate when the source page was deliberately divided; confirm the routing or correct the page map — *do the named action so the check can run - this is not a pass*  <sub>ids: C6-9629d9, C6-9bf5f1, C6-fa135e, C6-32f0c1, C6-dd2f30, C6-c8ed00, C6-7057c8</sub>
- [ ] **C6-b580a9** (C6 - text landed on the page the map promised): no page-map row declares where this page's text was MEANT to go, so 'right page' has no mechanical meaning -- read the landing distribution and confirm the routing (spec section 9) — *do the named action so the check can run - this is not a pass*
- [ ] **R2 ×4** (R2 - page header/footer metadata render correctly): rendered header/footer metadata defect -- qa.txt does not report it. Fix the metadata it renders (a jurisdiction code the template cannot resolve is the measured case) — *fix it, or accept it with a named reason in the report*  <sub>ids: R2-afba10, R2-48ed52, R2-16b769, R2-d1da9a</sub>
- [ ] **R1-76f413** (R1 - tables, tabs and images render with content): harvest with --keep-html and write the page map; without a source rendering, 'non-empty where non-empty in the source' has no reference — *do the named action so the check can run - this is not a pass*
- [ ] **`code-systems`**: review 2 migration-written block(s) (bridge; default/en) — *keep, correct, or delete each one*
- [ ] **`search-parameters`**: review 2 migration-written block(s) (bridge; default/en) — *keep, correct, or delete each one*
- [ ] **`MIIIGModulStudie/AnwendungsflleInformationsmodell/Index.page.md` RETIRED**: [MAP-EDIT] deliberately-empty Simplifier folder index ("Diese Seite wurde absichtlich leer gelassen") — navigation moves to the template menu — *confirm nothing in it is needed*
- [ ] **`MIIIGModulStudie/TechnischeImplementierung/Index.page.md` RETIRED**: [MAP-EDIT] deliberately-empty Simplifier folder index ("Diese Seite wurde absichtlich leer gelassen") — navigation moves to the template menu — *confirm nothing in it is needed*
- [ ] **`MIIIGModulStudie/TechnischeImplementierung/FHIR-Profile/FHIR-Profile.page.md` RETIRED**: [MAP-EDIT] orphan (in no toc.yaml of any tree) and near-duplicate older variant of FHIR-Profile/Index.page.md ("WARNUNG!" text cell instead of the image) — content preserved via the Index row above — *confirm nothing in it is needed*
- [ ] **`index.md` RETIRED**: [MAP-EDIT] source input/pagecontent/index.md is the 3-line SUSHI boilerplate stub ("Feel free to modify this index page") moved by 19ab7b1 — no module content; superseded by the guide tree's Index.page.md — *confirm nothing in it is needed*
- [ ] **`ImplementationGuide-2026.x.x/**` RETIRED**: historical version tree - retain unchanged, Gate-D retirement set (5.1a #3) — *confirm nothing in it is needed*
- [ ] **`ImplementationGuide-2027.x.x-EN/**` RETIRED**: parallel-language tree - the owner-authored EN translation, consumed page-by-page into input/translations/en/ (5.1a #2; same version 2027.0.0 as the authoritative tree -> stale-tree caveat inapplicable) — *confirm nothing in it is needed*

#### Gate C — language (a reviewer competent in both languages)

- [ ] **C7-b0236f** (C7 - migration-written content is marked as such): spell the source page exactly as migration-log/page-map.tsv's source column spells it, or write `none` -- which is what a suggestion or a stand-in carries, because it had no source — *fix it, or accept it with a named reason in the report*
- [ ] **C7 ×14** (C7 - migration-written content is marked as such): mark the passage per spec section 9d (the DERIVED comment plus the visible box, in BOTH language mirrors), or restore the source wording; if the text was deliberately dropped, record that in migration-log/page-map.tsv instead — *fix it, or accept it with a named reason in the report*  <sub>ids: C7-0209b1, C7-9191f0, C7-2a031c, C7-e9d23e, C7-8c8c7d, C7-093a42, C7-cb08b7, C7-3f7797, C7-5b9833, C7-283e85, C7-4f50d8, C7-12d2ac, C7-b541e0, C7-c672c0</sub>

#### Gate D — release (TF-KDS / AG IOP / NSG; merging is what publishes)

- [ ] **P3-c39a79** (P3 - IG Publisher version matches the workflow pin): upgrading the publisher is a target-repository decision, not a migration one -- record it, do not act on it here — *do the named action so the check can run - this is not a pass*
- [ ] **P4-379bde** (P4 - source guide pinned to a published version): re-harvest from a PUBLISHED version; `current` is not reproducible. Where the guide has no published version at all, that is the finding -- record it as such rather than leaving the pin unstated — *fix it, or accept it with a named reason in the report*
- [ ] **L2-7163a2** (L2 - every expected step wrote a log line): confirm the condition did not hold -- The repository's LICENSE text is the only machine source for `license` — the field that must never default (spec §2.2). — *do the named action so the check can run - this is not a pass*
- [ ] **L2-07bdbb** (L2 - every expected step wrote a log line): confirm the condition did not hold -- Without the discovery chain the guide is not found, and a migration then ships the template's starter pages. — *do the named action so the check can run - this is not a pass*
- [ ] **L2-930ba2** (L2 - every expected step wrote a log line): confirm the condition did not hold -- This is the step whose absence shipped the template's starter pages under a module's name. — *do the named action so the check can run - this is not a pass*
- [ ] **L4-106e61** (L4 - the log's counts agree with the tree): shape B only; for shape A there is nothing to convert — *do the named action so the check can run - this is not a pass*
- [ ] **L4-f17740** (L4 - the log's counts agree with the tree): harvest the guide (step 2c) where the narrative is not in the repo — *do the named action so the check can run - this is not a pass*
- [ ] **pre/post delta**: `prepost-delta.md` shows no REGRESSION row, or every regression is explained in the report — *never merged unexplained*
- [ ] **CI**: the module's own checks are green on the migration branch
- [ ] **gates A–C**: signed by the named reviewers above
- [ ] **publication decision**: recorded with name and date — *merging is what publishes*

<!-- REPORT-AUTHORED ITEMS - the generator cannot enumerate judgement.
     Add ONE checkbox per DEC-n / REV-n / QA-n block of this report,
     under the gate that owns it, in the form:
     - [ ] **DEC-1** <its one-line what> - *<its next action>*  -->
